; 
; FID/Exchange  Test
; using input sys file: gsh_test.sys
; 
test_lines	0	0	0	-6.01918872	0.49147421	0.40594245
test_lines	0	0	1	-5.98110303	0.50855154	0.41607857
test_lines	0	0	2	-4.70001672	1.11064694	-0.25970847
test_lines	0	0	3	-4.70001673	0.11065301	-178.89300878
test_lines	0	0	4	-3.78858582	0.51637797	7.06812860
test_lines	0	0	5	-3.75108914	0.49930215	-7.31527533
