; 
; FID Simulation Test
; using input sys file: gsh_test.sys
; 
test_lines	0	0	0	3.75079	0.982924	-90
test_lines	0	0	1	3.78888	1.01708	-90
test_lines	0	0	2	4.7	2	-90
test_lines	0	0	3	5.98112	1.01708	-90
test_lines	0	0	4	6.01921	0.982924	-90
