
Carbon 13 Has I Value of 0.5

Hydrogen Has I Value of 0.5
