; 
; Press Simulation Test With Real 90,180 Pulses
; using input sys file: gsh_test.sys
; and input 180 pulse file: bjs180_1.txt
; 
test_lines	0	0	0	3.75079480	0.49222147	-39.06606863
test_lines	0	0	1	3.78888000	0.50596783	-117.37960264
test_lines	0	0	2	4.70000000	0.99779416	-3.73172524
test_lines	0	0	3	5.98112000	0.50530428	-4.09666934
test_lines	0	0	4	6.01920520	0.49304234	-82.41581791
