; 
; Spin Echo Simulation Test
; using input sys file: gsh_test.sys
; 
test_lines	0	0	0	3.75079	0.495963	108.644
test_lines	0	0	1	3.78888	0.503996	71.3713
test_lines	0	0	2	4.7	1	90
test_lines	0	0	3	5.98112	0.503996	108.629
test_lines	0	0	4	6.01921	0.495963	71.3557
