; 
; Spin Echo Simulation Test With Real 180 Pulse
; using input sys file: gsh_test.sys
; and input 180 pulse file: bjs180_1.txt
; 
test_lines	0	0	0	3.75079	0.489869	162.216
test_lines	0	0	1	3.78888	0.509573	38.4373
test_lines	0	0	2	4.7	0.999121	88.9981
test_lines	0	0	3	5.98112	0.509572	130.702
test_lines	0	0	4	6.01921	0.489894	6.92935
