Normalization in dbwrite: 2 
Normalization in dbwrite: 2 
Normalization in dbwrite: 2 
Normalization in dbwrite: 2 
Normalization in dbwrite: 2 
