; 
; Spin Echo Simulation Test With Real 180 Pulse
; using input sys file: gsh_test.sys
; and input 180 pulse file: bjs180_1.txt
; 
test_lines	0	0	0	3.75079480	0.48986935	162.21638365
test_lines	0	0	1	3.78888000	0.50957307	38.43725023
test_lines	0	0	2	4.70000000	0.99912096	88.99809798
test_lines	0	0	3	5.98112000	0.50957247	130.70204891
test_lines	0	0	4	6.01920520	0.48989360	6.92934665
