; 
; Spin Echo Simulation Test
; using input sys file: gsh_test.sys
; 
test_lines	0	0	0	3.75079480	0.49596291	108.64434647
test_lines	0	0	1	3.78888000	0.50399620	71.37127237
test_lines	0	0	2	4.70000000	1.00000000	90.00000000
test_lines	0	0	3	5.98112000	0.50399620	108.62872763
test_lines	0	0	4	6.01920520	0.49596291	71.35565353
